// Jest Snapshot v1, https://goo.gl/fbAQLP

exports[`Bbs.vue should match the snapshot 1`] = `
<div
  id="app"
>
  <nav
    class="menuContainer"
    id="menu-container"
  >
    <ul
      class="menu"
    >
      <li
        class="menuItem"
      >
        <a
          class="router-link-exact-active router-link-active"
          href="/"
        >
           トップ 
        </a>
      </li>
       
      <li
        class="menuItem"
      >
        <a
          class=""
          href="/disco"
        >
           DISCOGRAPHY 
        </a>
      </li>
       
      <li
        class="menuItem"
      >
        <a
          class=""
          href="/member"
        >
           メンバー紹介 
        </a>
      </li>
       
      <li
        class="menuItem"
      >
        <a
          class=""
          href="/bbs"
        >
           一言掲示板 
        </a>
      </li>
       
      <li
        class="menuItem"
      >
        <a
          class=""
          href="/beenya"
        >
           びーにゃの部屋 
        </a>
      </li>
       
      <li
        class="menuItem"
      >
        <a
          href="https://teijigo.booth.pm/items/1093403"
          target="_blank"
        >
          
        通販(BOOTH)
      
        </a>
      </li>
    </ul>
  </nav>
   
  <div
    class="mainContainer"
    id="main-container"
  >
    <a
      class="router-link-exact-active router-link-active"
      href="/"
    >
      <img
        class="logo"
        src="@/assets/logo_1.png"
      />
    </a>
     
    <div
      class="bbs"
    >
      <h1
        class="h1"
      >
        一言掲示板
      </h1>
       
      <p>
        
      足跡や、あいさつ、キリ番報告、等に使用していただいて構いません。
      
        <br />
        
      誹謗中傷、個人情報などの書き込みはご遠慮ください。
    
      </p>
       
      <div
        class="message-form"
      >
        <div
          class="message-form-group"
        >
          <label
            for="nameInput"
          >
            HN(ハンドルネーム)
          </label>
           
          <input
            id="nameInput"
            maxlength="20"
            type="text"
          />
        </div>
         
        <div
          class="message-form-group"
        >
          <label
            for="messageInput"
          >
            メッセージ
          </label>
           
          <input
            id="messageInput"
            maxlength="100"
            type="text"
          />
        </div>
         
        <button
          type="button"
        >
          送信
        </button>
      </div>
       
      <div>
        <ul
          class="message-list"
        />
      </div>
    </div>
     
    <footer
      class="footer"
    >
      <p>
        ©定時後ビールタイム
      </p>
    </footer>
  </div>
</div>
`;
