// Jest Snapshot v1, https://goo.gl/fbAQLP

exports[`Beenya.vue should match the snapshot 1`] = `
<div
  id="app"
>
  <nav
    class="menuContainer"
    id="menu-container"
  >
    <ul
      class="menu"
    >
      <li
        class="menuItem"
      >
        <a
          class="router-link-exact-active router-link-active"
          href="/"
        >
          
        トップ
      
        </a>
      </li>
       
      <li
        class="menuItem"
      >
        <a
          class=""
          href="/disco"
        >
          
        DISCOGRAPHY
      
        </a>
      </li>
       
      <li
        class="menuItem"
      >
        <a
          class=""
          href="/member"
        >
          
        メンバー紹介
      
        </a>
      </li>
       
      <li
        class="menuItem"
      >
        <a
          class=""
          href="/bbs"
        >
          
        一言掲示板
      
        </a>
      </li>
       
      <li
        class="menuItem"
      >
        <a
          class=""
          href="/beenya"
        >
          
        びーにゃの部屋
      
        </a>
      </li>
       
      <li
        class="menuItem"
      >
        <a
          href="https://teijigo.booth.pm/items/1093403"
          target="_blank"
        >
          
        通販(BOOTH)
      
        </a>
      </li>
    </ul>
  </nav>
   
  <div
    class="mainContainer"
    id="main-container"
  >
    <a
      class="router-link-exact-active router-link-active"
      href="/"
    >
      <img
        class="logo"
        src="@/assets/logo_1.png"
      />
    </a>
     
    <div
      class="beenya"
    >
      <h1
        class="h1"
      >
        びーにゃの部屋
      </h1>
       
      <img
        alt="びーにゃのイラスト"
        class="icon"
        src="@/assets/beenya.png"
      />
       
      <table
        class="beenyaTable"
      >
        <tbody>
          <tr>
            <th>
              名前
            </th>
             
            <td>
              びーにゃ
            </td>
          </tr>
           
          <tr>
            <th>
              役割
            </th>
             
            <td>
              アイドル
            </td>
          </tr>
           
          <tr>
            <th>
              自己紹介
            </th>
             
            <td>
              
            にゃにゃにゃにゃにゃにゃにゃー！(定時後ビールタイムだー！！)
          
            </td>
          </tr>
        </tbody>
      </table>
    </div>
     
    <footer
      class="footer"
    >
      <p>
        ©定時後ビールタイム
      </p>
    </footer>
  </div>
</div>
`;
