// Jest Snapshot v1, https://goo.gl/fbAQLP

exports[`Disco.vue should match the snapshot 1`] = `
<div
  id="app"
>
  <nav
    class="menuContainer"
    id="menu-container"
  >
    <ul
      class="menu"
    >
      <li
        class="menuItem"
      >
        <a
          class="router-link-exact-active router-link-active"
          href="/"
        >
          
        トップ
      
        </a>
      </li>
       
      <li
        class="menuItem"
      >
        <a
          class=""
          href="/disco"
        >
          
        DISCOGRAPHY
      
        </a>
      </li>
       
      <li
        class="menuItem"
      >
        <a
          class=""
          href="/member"
        >
          
        メンバー紹介
      
        </a>
      </li>
       
      <li
        class="menuItem"
      >
        <a
          class=""
          href="/bbs"
        >
          
        一言掲示板
      
        </a>
      </li>
       
      <li
        class="menuItem"
      >
        <a
          class=""
          href="/beenya"
        >
          
        びーにゃの部屋
      
        </a>
      </li>
       
      <li
        class="menuItem"
      >
        <a
          href="https://teijigo.booth.pm/items/1093403"
          target="_blank"
        >
          
        通販(BOOTH)
      
        </a>
      </li>
    </ul>
  </nav>
   
  <div
    class="mainContainer"
    id="main-container"
  >
    <a
      class="router-link-exact-active router-link-active"
      href="/"
    >
      <img
        class="logo"
        src="@/assets/logo_1.png"
      />
    </a>
     
    <div
      class="disco"
    >
      <h1
        class="h1"
      >
        DISCOGRAPHY
      </h1>
       
      <section
        class="section"
      >
        <h2
          class="h2 albumTitle"
        >
          
        2nd Mini Album 「START」
        
          <span
            class="blink newsBlink"
          >
            NEW
          </span>
        </h2>
         
        <p
          class="onSale"
        >
          <span
            class="blink"
          >
            2019.04.27 ON SALE！
          </span>
        </p>
         
        <img
          alt="2st Mini Album「Start」のジャケット画像"
          class="jacket"
          src="@/assets/2st_mini_album_start_jacket.png"
        />
         
        <table
          border="1"
          class="table"
        >
          <thead>
            <tr>
              <th>
                No
              </th>
               
              <th>
                曲名
              </th>
               
              <th>
                アーティスト
              </th>
               
              <th>
                クレジット
              </th>
            </tr>
          </thead>
           
          <tbody>
            <tr>
              <td
                class="trackNo"
              >
                1
              </td>
               
              <td>
                桜風狂想
              </td>
               
              <td>
                Pecan nene.
              </td>
               
              <td>
                
              作曲：ビール飲まない社員K
                <br />
                
              作詞：ビール飲まない社員K、みーやん
                <br />
                
              歌：みーやん
            
              </td>
            </tr>
             
            <tr>
              <td
                class="trackNo"
              >
                2
              </td>
               
              <td>
                未来ヒーロー
              </td>
               
              <td>
                マッキー
              </td>
               
              <td>
                
              作詞・作曲：マッキー
                <br />
                
              歌：IA
            
              </td>
            </tr>
             
            <tr>
              <td
                class="trackNo"
              >
                3
              </td>
               
              <td>
                ストロボサイン
              </td>
               
              <td>
                tan3-16
              </td>
               
              <td>
                
              作詞・作曲：u13
                <br />
                
              編曲：comorebi notes
                <br />
                
              歌：フナモトアユミ
            
              </td>
            </tr>
             
            <tr>
              <td
                class="trackNo"
              >
                4
              </td>
               
              <td>
                桜花
              </td>
               
              <td>
                珍珠奶茶
              </td>
               
              <td>
                
              企画：WestTail
                <br />
                
              作曲：comorebi notes
                <br />
                
              作詞：台湾豆乳を飲む人
                <br />
                
              歌：Shiho (the Clock Hands)
            
              </td>
            </tr>
          </tbody>
        </table>
         
        <div
          class="video crossFade"
        >
          <iframe
            allow="autoplay; encrypted-media"
            allowfullscreen="allowfullscreen"
            frameborder="0"
            height="315"
            src="https://www.youtube.com/embed/IxTdbkoGM-Q"
            width="560"
          />
        </div>
      </section>
       
      <hr />
       
      <section
        class="section"
      >
        <h2
          class="h2 albumTitle"
        >
          1st Mini Album「HOPE」
        </h2>
         
        <p
          class="onSale"
        >
          <span
            class="blink"
          >
            2018.10.28 ON SALE！
          </span>
        </p>
         
        <img
          alt="1st CD「HOPE」のジャケット画像"
          class="jacket"
          src="@/assets/1st_hope_jacket.png"
        />
         
        <table
          border="1"
          class="table"
        >
          <thead>
            <tr>
              <th>
                No
              </th>
               
              <th>
                曲名
              </th>
               
              <th>
                アーティスト
              </th>
            </tr>
          </thead>
           
          <tbody>
            <tr>
              <td
                class="trackNo"
              >
                1
              </td>
               
              <td>
                Alive
              </td>
               
              <td>
                WestTail feat. ruha
              </td>
            </tr>
             
            <tr>
              <td
                class="trackNo"
              >
                2
              </td>
               
              <td>
                cresc.
              </td>
               
              <td>
                きむらじお feat.フナモトアユミ
              </td>
            </tr>
             
            <tr>
              <td
                class="trackNo"
              >
                3
              </td>
               
              <td>
                瞬間
              </td>
               
              <td>
                山口真央 feat. すぴか
              </td>
            </tr>
             
            <tr>
              <td
                class="trackNo"
              >
                4
              </td>
               
              <td>
                Calling
              </td>
               
              <td>
                NY2 feat. フナモトアユミ
              </td>
            </tr>
             
            <tr>
              <td
                class="trackNo"
              >
                5
              </td>
               
              <td>
                Diary
              </td>
               
              <td>
                u13 feat. フナモトアユミ
              </td>
            </tr>
             
            <tr>
              <td
                class="trackNo"
              >
                6
              </td>
               
              <td>
                ハルカユーグレハナヤイデ
              </td>
               
              <td>
                comorebi notes
              </td>
            </tr>
          </tbody>
        </table>
         
        <div
          class="video crossFade"
        >
          <iframe
            allow="autoplay; encrypted-media"
            allowfullscreen="allowfullscreen"
            frameborder="0"
            height="315"
            src="https://www.youtube.com/embed/KE3It-tas0Y?rel=0"
            width="560"
          />
        </div>
      </section>
    </div>
     
    <footer
      class="footer"
    >
      <p>
        ©定時後ビールタイム
      </p>
    </footer>
  </div>
</div>
`;
