// Jest Snapshot v1, https://goo.gl/fbAQLP

exports[`Member.vue should match the snapshot 1`] = `
<div
  id="app"
>
  <nav
    class="menuContainer"
    id="menu-container"
  >
    <ul
      class="menu"
    >
      <li
        class="menuItem"
      >
        <a
          class="router-link-exact-active router-link-active"
          href="/"
        >
           トップ 
        </a>
      </li>
       
      <li
        class="menuItem"
      >
        <a
          class=""
          href="/disco"
        >
           DISCOGRAPHY 
        </a>
      </li>
       
      <li
        class="menuItem"
      >
        <a
          class=""
          href="/member"
        >
           メンバー紹介 
        </a>
      </li>
       
      <li
        class="menuItem"
      >
        <a
          class=""
          href="/bbs"
        >
           一言掲示板 
        </a>
      </li>
       
      <li
        class="menuItem"
      >
        <a
          class=""
          href="/beenya"
        >
           びーにゃの部屋 
        </a>
      </li>
       
      <li
        class="menuItem"
      >
        <a
          href="https://teijigo.booth.pm/items/1093403"
          target="_blank"
        >
          
        通販(BOOTH)
      
        </a>
      </li>
    </ul>
  </nav>
   
  <div
    class="mainContainer"
    id="main-container"
  >
    <a
      class="router-link-exact-active router-link-active"
      href="/"
    >
      <img
        class="logo"
        src="@/assets/logo_1.png"
      />
    </a>
     
    <div
      class="member"
    >
      <h1
        class="h1"
      >
        MEMBER
      </h1>
       
      <table
        class="member-table"
      >
        <thead>
          <tr>
            <th>
              名前
            </th>
             
            <th>
              担当
            </th>
             
            <th>
              自己紹介
            </th>
          </tr>
        </thead>
         
        <tbody>
          <tr>
            <td>
              さかもとP
            </td>
             
            <td>
              なばかりプロデューサー兼テイジゴビールタイマー
            </td>
             
            <td>
              ビール大好き！！！！！！
            </td>
          </tr>
          <tr>
            <td>
              ビール飲まない社員K
            </td>
             
            <td>
              人の褌や自分の褌で相撲を取ったりする

              <br />
              
（主にトラックメーカー）
            </td>
             
            <td>
              ビールじゃなくてハイボールなら飲みます。

              <br />
              
定時後ハイボールタイム、よろしこ
            </td>
          </tr>
          <tr>
            <td>
              yokizo
            </td>
             
            <td>
              えらそーにする
            </td>
             
            <td>
              リハビリ中で戦力になれないので、えらそーにしてます。
            </td>
          </tr>
          <tr>
            <td>
              WestTail
            </td>
             
            <td>
              ProTools見習い
            </td>
             
            <td>
              周囲の素晴らしい才能をリスペクトしつつ頑張りたいと思います
            </td>
          </tr>
          <tr>
            <td>
              ケロ
            </td>
             
            <td>
              ミュージさん
            </td>
             
            <td>
              ウィットに富んだフレキシブルな音楽でナウなヤングにバカウケ
            </td>
          </tr>
          <tr>
            <td>
              Gutch
            </td>
             
            <td>
              曲に効果音を突っ込む
            </td>
             
            <td>
              ビール飲めない！！！！！
            </td>
          </tr>
          <tr>
            <td>
              みーやん
            </td>
             
            <td>
              ハモるの大好きはもりびと
            </td>
             
            <td>
              ボーカルじゃなくてコーラスが得意
            </td>
          </tr>
          <tr>
            <td>
              台湾豆乳を飲む人
            </td>
             
            <td>
              作業に参加しない係
            </td>
             
            <td>
              ﾆﾎﾝｺﾞワカリマセン
            </td>
          </tr>
          <tr>
            <td>
              マッキー
            </td>
             
            <td>
              BPM200以上
            </td>
             
            <td>
              お酒大好き！！！！！！
            </td>
          </tr>
          <tr>
            <td>
              Ag+
            </td>
             
            <td>
              テレアポ
            </td>
             
            <td>
              どこでもアポとります！
            </td>
          </tr>
          <tr>
            <td>
              管理人MAKO
            </td>
             
            <td>
              サイトの管理とお茶汲み
            </td>
             
            <td>
              サイトの管理人です。

              <br />
              
音楽作れないのでホムペ担当になりました。

              <br />
              
昔懐かしい雰囲気のサイトを作って行きたいと思います！
            </td>
          </tr>
        </tbody>
      </table>
    </div>
     
    <footer
      class="footer"
    >
      <p>
        ©定時後ビールタイム
      </p>
    </footer>
  </div>
</div>
`;
