// Jest Snapshot v1, https://goo.gl/fbAQLP

exports[`NotFound.vue should match the snapshot 1`] = `
<div
  id="app"
>
  <nav
    class="menuContainer"
    id="menu-container"
  >
    <ul
      class="menu"
    >
      <li
        class="menuItem"
      >
        <a
          class="router-link-exact-active router-link-active"
          href="/"
        >
           トップ 
        </a>
      </li>
       
      <li
        class="menuItem"
      >
        <a
          class=""
          href="/disco"
        >
           DISCOGRAPHY 
        </a>
      </li>
       
      <li
        class="menuItem"
      >
        <a
          class=""
          href="/member"
        >
           メンバー紹介 
        </a>
      </li>
       
      <li
        class="menuItem"
      >
        <a
          class=""
          href="/bbs"
        >
           一言掲示板 
        </a>
      </li>
       
      <li
        class="menuItem"
      >
        <a
          class=""
          href="/beenya"
        >
           びーにゃの部屋 
        </a>
      </li>
       
      <li
        class="menuItem"
      >
        <a
          href="https://teijigo.booth.pm/items/1093403"
          target="_blank"
        >
          
        通販(BOOTH)
      
        </a>
      </li>
    </ul>
  </nav>
   
  <div
    class="mainContainer"
    id="main-container"
  >
    <a
      class="router-link-exact-active router-link-active"
      href="/"
    >
      <img
        class="logo"
        src="@/assets/logo_1.png"
      />
    </a>
     
    <div
      class="not-found"
    >
      <h1
        class="h1"
      >
        404 NOT FOUND
      </h1>
       
      <p>
        このページは存在しません。
      </p>
       
      <img
        alt="飲み会のイラストです。ビール飲みましょう"
        src="@/assets/nomikai_salaryman.png"
      />
    </div>
     
    <footer
      class="footer"
    >
      <p>
        ©定時後ビールタイム
      </p>
    </footer>
  </div>
</div>
`;
